[09-Feb-2026 15:43:14] NOTICE: fpm is running, pid 16492
[09-Feb-2026 15:43:14] NOTICE: ready to handle connections
[09-Feb-2026 16:22:10] NOTICE: Terminating ...
[09-Feb-2026 16:22:10] NOTICE: Terminating ...
[09-Feb-2026 16:22:10] NOTICE: exiting, bye-bye!
[09-Feb-2026 16:22:11] NOTICE: fpm is running, pid 35647
[09-Feb-2026 16:22:11] NOTICE: ready to handle connections
[09-Feb-2026 21:02:15] NOTICE: Terminating ...
[09-Feb-2026 21:02:15] NOTICE: Terminating ...
[09-Feb-2026 21:02:15] NOTICE: exiting, bye-bye!
[12-Feb-2026 19:20:10] NOTICE: fpm is running, pid 71974
[12-Feb-2026 19:20:10] NOTICE: ready to handle connections
[12-Feb-2026 20:29:12] NOTICE: Terminating ...
[12-Feb-2026 20:29:12] NOTICE: Terminating ...
[12-Feb-2026 20:29:12] NOTICE: exiting, bye-bye!
[13-Feb-2026 11:28:48] NOTICE: fpm is running, pid 6364
[13-Feb-2026 11:28:48] NOTICE: ready to handle connections
[13-Feb-2026 11:35:29] NOTICE: Terminating ...
[13-Feb-2026 11:35:29] NOTICE: Terminating ...
[13-Feb-2026 11:35:29] NOTICE: exiting, bye-bye!
[13-Feb-2026 11:51:51] NOTICE: fpm is running, pid 4074
[13-Feb-2026 11:51:51] NOTICE: ready to handle connections
[13-Feb-2026 15:12:21] NOTICE: Terminating ...
[13-Feb-2026 15:12:21] NOTICE: Terminating ...
[13-Feb-2026 15:12:21] NOTICE: exiting, bye-bye!
[13-Feb-2026 15:12:22] NOTICE: fpm is running, pid 91889
[13-Feb-2026 15:12:22] NOTICE: ready to handle connections
[13-Feb-2026 21:03:27] NOTICE: Terminating ...
[13-Feb-2026 21:03:27] NOTICE: Terminating ...
[13-Feb-2026 21:03:27] NOTICE: exiting, bye-bye!
[07-Apr-2026 11:07:44] NOTICE: fpm is running, pid 7604
[07-Apr-2026 11:07:44] NOTICE: ready to handle connections
[07-Apr-2026 14:30:25] NOTICE: Terminating ...
[07-Apr-2026 14:30:25] NOTICE: Terminating ...
[07-Apr-2026 14:30:25] NOTICE: exiting, bye-bye!
[07-Apr-2026 20:34:30] NOTICE: fpm is running, pid 88970
[07-Apr-2026 20:34:30] NOTICE: ready to handle connections
[07-Apr-2026 21:13:22] NOTICE: Terminating ...
[07-Apr-2026 21:13:22] NOTICE: Terminating ...
[07-Apr-2026 21:13:22] NOTICE: exiting, bye-bye!
[08-Apr-2026 17:47:30] NOTICE: fpm is running, pid 37154
[08-Apr-2026 17:47:30] NOTICE: ready to handle connections
[08-Apr-2026 21:31:49] NOTICE: Terminating ...
[08-Apr-2026 21:31:49] NOTICE: Terminating ...
[08-Apr-2026 21:31:49] NOTICE: exiting, bye-bye!
[09-Apr-2026 12:35:57] NOTICE: fpm is running, pid 85452
[09-Apr-2026 12:35:57] NOTICE: ready to handle connections
[09-Apr-2026 21:29:53] NOTICE: Terminating ...
[09-Apr-2026 21:29:53] NOTICE: Terminating ...
[09-Apr-2026 21:29:53] NOTICE: exiting, bye-bye!
[13-Apr-2026 18:48:34] NOTICE: fpm is running, pid 62846
[13-Apr-2026 18:48:34] NOTICE: ready to handle connections
[13-Apr-2026 21:41:23] NOTICE: Terminating ...
[13-Apr-2026 21:41:23] NOTICE: Terminating ...
[13-Apr-2026 21:41:23] NOTICE: exiting, bye-bye!
[14-Apr-2026 11:43:31] NOTICE: fpm is running, pid 14522
[14-Apr-2026 11:43:31] NOTICE: ready to handle connections
[14-Apr-2026 21:03:56] NOTICE: Terminating ...
[14-Apr-2026 21:03:56] NOTICE: Terminating ...
[14-Apr-2026 21:03:56] NOTICE: exiting, bye-bye!
[01-Jun-2026 17:54:03] NOTICE: fpm is running, pid 33185
[01-Jun-2026 17:54:03] NOTICE: ready to handle connections
[01-Jun-2026 21:24:19] NOTICE: Terminating ...
[01-Jun-2026 21:24:19] NOTICE: Terminating ...
[01-Jun-2026 21:24:19] NOTICE: exiting, bye-bye!
[03-Jun-2026 18:29:56] NOTICE: fpm is running, pid 87601
[03-Jun-2026 18:29:56] NOTICE: ready to handle connections
